[2026-08-24T23:33:22.097+0000] {local_task_job_runner.py:120} INFO - ::group::Pre task execution logs
[2026-08-24T23:33:22.155+0000] {taskinstance.py:2076} INFO - Dependencies all met for dep_context=non-requeueable deps ti=<TaskInstance: Acougue_Previsao_Demanda_FLAML.treinar_e_prever_demanda manual__2026-08-24T23:33:17.471696+00:00 [queued]>
[2026-08-24T23:33:22.164+0000] {taskinstance.py:2076} INFO - Dependencies all met for dep_context=requeueable deps ti=<TaskInstance: Acougue_Previsao_Demanda_FLAML.treinar_e_prever_demanda manual__2026-08-24T23:33:17.471696+00:00 [queued]>
[2026-08-24T23:33:22.165+0000] {taskinstance.py:2306} INFO - Starting attempt 1 of 2
[2026-08-24T23:33:22.179+0000] {taskinstance.py:2330} INFO - Executing <Task(PythonOperator): treinar_e_prever_demanda> on 2026-08-24 23:33:17.471696+00:00
[2026-08-24T23:33:22.200+0000] {standard_task_runner.py:63} INFO - Started process 1030 to run task
[2026-08-24T23:33:22.213+0000] {standard_task_runner.py:90} INFO - Running: ['***', 'tasks', 'run', 'Acougue_Previsao_Demanda_FLAML', 'treinar_e_prever_demanda', 'manual__2026-08-24T23:33:17.471696+00:00', '--job-id', '17', '--raw', '--subdir', 'DAGS_FOLDER/dag_previsao_demanda.py', '--cfg-path', '/tmp/tmp6p3afd21']
[2026-08-24T23:33:22.219+0000] {standard_task_runner.py:91} INFO - Job 17: Subtask treinar_e_prever_demanda
[2026-08-24T23:33:22.300+0000] {task_command.py:426} INFO - Running <TaskInstance: Acougue_Previsao_Demanda_FLAML.treinar_e_prever_demanda manual__2026-08-24T23:33:17.471696+00:00 [running]> on host 4c78a5469a97
[2026-08-24T23:33:22.449+0000] {taskinstance.py:2648} INFO - Exporting env vars: AIRFLOW_CTX_DAG_OWNER='engenharia_dados' AIRFLOW_CTX_DAG_ID='Acougue_Previsao_Demanda_FLAML' AIRFLOW_CTX_TASK_ID='treinar_e_prever_demanda' AIRFLOW_CTX_EXECUTION_DATE='2026-08-24T23:33:17.471696+00:00' AIRFLOW_CTX_TRY_NUMBER='1' AIRFLOW_CTX_DAG_RUN_ID='manual__2026-08-24T23:33:17.471696+00:00'
[2026-08-24T23:33:22.455+0000] {taskinstance.py:430} INFO - ::endgroup::
[2026-08-24T23:33:22.480+0000] {logging_mixin.py:188} INFO - [Etapa 0] Buscando credenciais no painel do Airflow...
[2026-08-24T23:33:22.514+0000] {base.py:84} INFO - Using connection ID 'Datalake' for task execution.
[2026-08-24T23:33:22.518+0000] {logging_mixin.py:188} INFO - [Etapa 1] Conectando ao MLflow via disco local...
[2026-08-24T23:33:23.442+0000] {logging_mixin.py:188} INFO - [Etapa 2] Carregando dados históricos via deltalake...
[2026-08-24T23:33:29.084+0000] {logging_mixin.py:188} INFO - Linhas carregadas para treino: 937686
[2026-08-24T23:33:31.696+0000] {logging_mixin.py:188} INFO - [Etapa 3] Resample diário por SKU...
[2026-08-24T23:33:33.771+0000] {logging_mixin.py:188} INFO - [Etapa 4] Iniciando AutoML (FLAML)...
[2026-08-24T23:33:33.877+0000] {logging_mixin.py:188} WARNING - 2026/08/24 23:33:33 ERROR mlflow.store.db.utils: SQLAlchemy database error. The following exception is caught.
(raised as a result of Query-invoked autoflush; consider using a session.no_autoflush block if this flush is occurring prematurely)
(sqlite3.OperationalError) attempt to write a readonly database
[SQL: INSERT INTO runs (run_uuid, name, source_type, source_name, entry_point_name, user_id, status, start_time, end_time, deleted_time, source_version, lifecycle_stage, artifact_uri, experiment_id) VALUES (?, ?, ?, ?, ?, ?, ?, ?, ?, ?, ?, ?, ?, ?)]
[parameters: ('ff8b760f77c94806afc6c1b5612c7a0f', 'auspicious-swan-410', 'UNKNOWN', '', '', '***', 'RUNNING', 1787614413857, None, None, '', 'active', '/mlruns/1/ff8b760f77c94806afc6c1b5612c7a0f/artifacts', '1')]
(Background on this error at: https://sqlalche.me/e/14/e3q8)
Traceback (most recent call last):
  File "/home/***/.local/lib/python3.10/site-packages/sqlalchemy/engine/base.py", line 1910, in _execute_context
    self.dialect.do_execute(
  File "/home/***/.local/lib/python3.10/site-packages/sqlalchemy/engine/default.py", line 736, in do_execute
    cursor.execute(statement, parameters)
sqlite3.OperationalError: attempt to write a readonly database

The above exception was the direct cause of the following exception:

Traceback (most recent call last):
  File "/home/***/.local/lib/python3.10/site-packages/mlflow/store/db/utils.py", line 173, in make_managed_session
    yield session
  File "/home/***/.local/lib/python3.10/site-packages/mlflow/store/tracking/sqlalchemy_store.py", line 996, in create_run
    inputs_list = self._get_run_inputs(session, [run_id])
  File "/home/***/.local/lib/python3.10/site-packages/mlflow/store/tracking/sqlalchemy_store.py", line 1059, in _get_run_inputs
    ).all()
  File "/home/***/.local/lib/python3.10/site-packages/sqlalchemy/orm/query.py", line 2773, in all
    return self._iter().all()
  File "/home/***/.local/lib/python3.10/site-packages/sqlalchemy/orm/query.py", line 2916, in _iter
    result = self.session.execute(
  File "/home/***/.local/lib/python3.10/site-packages/sqlalchemy/orm/session.py", line 1665, in execute
    ) = compile_state_cls.orm_pre_session_exec(
  File "/home/***/.local/lib/python3.10/site-packages/sqlalchemy/orm/context.py", line 312, in orm_pre_session_exec
    session._autoflush()
  File "/home/***/.local/lib/python3.10/site-packages/sqlalchemy/orm/session.py", line 2264, in _autoflush
    util.raise_(e, with_traceback=sys.exc_info()[2])
  File "/home/***/.local/lib/python3.10/site-packages/sqlalchemy/util/compat.py", line 211, in raise_
    raise exception
  File "/home/***/.local/lib/python3.10/site-packages/sqlalchemy/orm/session.py", line 2253, in _autoflush
    self.flush()
  File "/home/***/.local/lib/python3.10/site-packages/sqlalchemy/orm/session.py", line 3449, in flush
    self._flush(objects)
  File "/home/***/.local/lib/python3.10/site-packages/sqlalchemy/orm/session.py", line 3588, in _flush
    with util.safe_reraise():
  File "/home/***/.local/lib/python3.10/site-packages/sqlalchemy/util/langhelpers.py", line 70, in __exit__
    compat.raise_(
  File "/home/***/.local/lib/python3.10/site-packages/sqlalchemy/util/compat.py", line 211, in raise_
    raise exception
  File "/home/***/.local/lib/python3.10/site-packages/sqlalchemy/orm/session.py", line 3549, in _flush
    flush_context.execute()
  File "/home/***/.local/lib/python3.10/site-packages/sqlalchemy/orm/unitofwork.py", line 456, in execute
    rec.execute(self)
  File "/home/***/.local/lib/python3.10/site-packages/sqlalchemy/orm/unitofwork.py", line 630, in execute
    util.preloaded.orm_persistence.save_obj(
  File "/home/***/.local/lib/python3.10/site-packages/sqlalchemy/orm/persistence.py", line 245, in save_obj
    _emit_insert_statements(
  File "/home/***/.local/lib/python3.10/site-packages/sqlalchemy/orm/persistence.py", line 1097, in _emit_insert_statements
    c = connection._execute_20(
  File "/home/***/.local/lib/python3.10/site-packages/sqlalchemy/engine/base.py", line 1710, in _execute_20
    return meth(self, args_10style, kwargs_10style, execution_options)
  File "/home/***/.local/lib/python3.10/site-packages/sqlalchemy/sql/elements.py", line 334, in _execute_on_connection
    return connection._execute_clauseelement(
  File "/home/***/.local/lib/python3.10/site-packages/sqlalchemy/engine/base.py", line 1577, in _execute_clauseelement
    ret = self._execute_context(
  File "/home/***/.local/lib/python3.10/site-packages/sqlalchemy/engine/base.py", line 1953, in _execute_context
    self._handle_dbapi_exception(
  File "/home/***/.local/lib/python3.10/site-packages/sqlalchemy/engine/base.py", line 2134, in _handle_dbapi_exception
    util.raise_(
  File "/home/***/.local/lib/python3.10/site-packages/sqlalchemy/util/compat.py", line 211, in raise_
    raise exception
  File "/home/***/.local/lib/python3.10/site-packages/sqlalchemy/engine/base.py", line 1910, in _execute_context
    self.dialect.do_execute(
  File "/home/***/.local/lib/python3.10/site-packages/sqlalchemy/engine/default.py", line 736, in do_execute
    cursor.execute(statement, parameters)
sqlalchemy.exc.OperationalError: (raised as a result of Query-invoked autoflush; consider using a session.no_autoflush block if this flush is occurring prematurely)
(sqlite3.OperationalError) attempt to write a readonly database
[SQL: INSERT INTO runs (run_uuid, name, source_type, source_name, entry_point_name, user_id, status, start_time, end_time, deleted_time, source_version, lifecycle_stage, artifact_uri, experiment_id) VALUES (?, ?, ?, ?, ?, ?, ?, ?, ?, ?, ?, ?, ?, ?)]
[parameters: ('ff8b760f77c94806afc6c1b5612c7a0f', 'auspicious-swan-410', 'UNKNOWN', '', '', '***', 'RUNNING', 1787614413857, None, None, '', 'active', '/mlruns/1/ff8b760f77c94806afc6c1b5612c7a0f/artifacts', '1')]
(Background on this error at: https://sqlalche.me/e/14/e3q8)
[2026-08-24T23:33:33.880+0000] {taskinstance.py:441} INFO - ::group::Post task execution logs
[2026-08-24T23:33:33.880+0000] {taskinstance.py:2905} ERROR - Task failed with exception
Traceback (most recent call last):
  File "/home/airflow/.local/lib/python3.10/site-packages/sqlalchemy/engine/base.py", line 1910, in _execute_context
    self.dialect.do_execute(
  File "/home/airflow/.local/lib/python3.10/site-packages/sqlalchemy/engine/default.py", line 736, in do_execute
    cursor.execute(statement, parameters)
sqlite3.OperationalError: attempt to write a readonly database

The above exception was the direct cause of the following exception:

Traceback (most recent call last):
  File "/home/airflow/.local/lib/python3.10/site-packages/mlflow/store/db/utils.py", line 173, in make_managed_session
    yield session
  File "/home/airflow/.local/lib/python3.10/site-packages/mlflow/store/tracking/sqlalchemy_store.py", line 996, in create_run
    inputs_list = self._get_run_inputs(session, [run_id])
  File "/home/airflow/.local/lib/python3.10/site-packages/mlflow/store/tracking/sqlalchemy_store.py", line 1059, in _get_run_inputs
    ).all()
  File "/home/airflow/.local/lib/python3.10/site-packages/sqlalchemy/orm/query.py", line 2773, in all
    return self._iter().all()
  File "/home/airflow/.local/lib/python3.10/site-packages/sqlalchemy/orm/query.py", line 2916, in _iter
    result = self.session.execute(
  File "/home/airflow/.local/lib/python3.10/site-packages/sqlalchemy/orm/session.py", line 1665, in execute
    ) = compile_state_cls.orm_pre_session_exec(
  File "/home/airflow/.local/lib/python3.10/site-packages/sqlalchemy/orm/context.py", line 312, in orm_pre_session_exec
    session._autoflush()
  File "/home/airflow/.local/lib/python3.10/site-packages/sqlalchemy/orm/session.py", line 2264, in _autoflush
    util.raise_(e, with_traceback=sys.exc_info()[2])
  File "/home/airflow/.local/lib/python3.10/site-packages/sqlalchemy/util/compat.py", line 211, in raise_
    raise exception
  File "/home/airflow/.local/lib/python3.10/site-packages/sqlalchemy/orm/session.py", line 2253, in _autoflush
    self.flush()
  File "/home/airflow/.local/lib/python3.10/site-packages/sqlalchemy/orm/session.py", line 3449, in flush
    self._flush(objects)
  File "/home/airflow/.local/lib/python3.10/site-packages/sqlalchemy/orm/session.py", line 3588, in _flush
    with util.safe_reraise():
  File "/home/airflow/.local/lib/python3.10/site-packages/sqlalchemy/util/langhelpers.py", line 70, in __exit__
    compat.raise_(
  File "/home/airflow/.local/lib/python3.10/site-packages/sqlalchemy/util/compat.py", line 211, in raise_
    raise exception
  File "/home/airflow/.local/lib/python3.10/site-packages/sqlalchemy/orm/session.py", line 3549, in _flush
    flush_context.execute()
  File "/home/airflow/.local/lib/python3.10/site-packages/sqlalchemy/orm/unitofwork.py", line 456, in execute
    rec.execute(self)
  File "/home/airflow/.local/lib/python3.10/site-packages/sqlalchemy/orm/unitofwork.py", line 630, in execute
    util.preloaded.orm_persistence.save_obj(
  File "/home/airflow/.local/lib/python3.10/site-packages/sqlalchemy/orm/persistence.py", line 245, in save_obj
    _emit_insert_statements(
  File "/home/airflow/.local/lib/python3.10/site-packages/sqlalchemy/orm/persistence.py", line 1097, in _emit_insert_statements
    c = connection._execute_20(
  File "/home/airflow/.local/lib/python3.10/site-packages/sqlalchemy/engine/base.py", line 1710, in _execute_20
    return meth(self, args_10style, kwargs_10style, execution_options)
  File "/home/airflow/.local/lib/python3.10/site-packages/sqlalchemy/sql/elements.py", line 334, in _execute_on_connection
    return connection._execute_clauseelement(
  File "/home/airflow/.local/lib/python3.10/site-packages/sqlalchemy/engine/base.py", line 1577, in _execute_clauseelement
    ret = self._execute_context(
  File "/home/airflow/.local/lib/python3.10/site-packages/sqlalchemy/engine/base.py", line 1953, in _execute_context
    self._handle_dbapi_exception(
  File "/home/airflow/.local/lib/python3.10/site-packages/sqlalchemy/engine/base.py", line 2134, in _handle_dbapi_exception
    util.raise_(
  File "/home/airflow/.local/lib/python3.10/site-packages/sqlalchemy/util/compat.py", line 211, in raise_
    raise exception
  File "/home/airflow/.local/lib/python3.10/site-packages/sqlalchemy/engine/base.py", line 1910, in _execute_context
    self.dialect.do_execute(
  File "/home/airflow/.local/lib/python3.10/site-packages/sqlalchemy/engine/default.py", line 736, in do_execute
    cursor.execute(statement, parameters)
sqlalchemy.exc.OperationalError: (raised as a result of Query-invoked autoflush; consider using a session.no_autoflush block if this flush is occurring prematurely)
(sqlite3.OperationalError) attempt to write a readonly database
[SQL: INSERT INTO runs (run_uuid, name, source_type, source_name, entry_point_name, user_id, status, start_time, end_time, deleted_time, source_version, lifecycle_stage, artifact_uri, experiment_id) VALUES (?, ?, ?, ?, ?, ?, ?, ?, ?, ?, ?, ?, ?, ?)]
[parameters: ('ff8b760f77c94806afc6c1b5612c7a0f', 'auspicious-swan-410', 'UNKNOWN', '', '', 'airflow', 'RUNNING', 1787614413857, None, None, '', 'active', '/mlruns/1/ff8b760f77c94806afc6c1b5612c7a0f/artifacts', '1')]
(Background on this error at: https://sqlalche.me/e/14/e3q8)

The above exception was the direct cause of the following exception:

Traceback (most recent call last):
  File "/home/airflow/.local/lib/python3.10/site-packages/airflow/models/taskinstance.py", line 465, in _execute_task
    result = _execute_callable(context=context, **execute_callable_kwargs)
  File "/home/airflow/.local/lib/python3.10/site-packages/airflow/models/taskinstance.py", line 432, in _execute_callable
    return execute_callable(context=context, **execute_callable_kwargs)
  File "/home/airflow/.local/lib/python3.10/site-packages/airflow/models/baseoperator.py", line 400, in wrapper
    return func(self, *args, **kwargs)
  File "/home/airflow/.local/lib/python3.10/site-packages/airflow/operators/python.py", line 235, in execute
    return_value = self.execute_callable()
  File "/home/airflow/.local/lib/python3.10/site-packages/airflow/operators/python.py", line 252, in execute_callable
    return self.python_callable(*self.op_args, **self.op_kwargs)
  File "/opt/airflow/dags/dag_previsao_demanda.py", line 165, in executar_pipeline_demanda
    with mlflow.start_run() as run:
  File "/home/airflow/.local/lib/python3.10/site-packages/mlflow/tracking/fluent.py", line 669, in start_run
    active_run_obj = client.create_run(
  File "/home/airflow/.local/lib/python3.10/site-packages/mlflow/tracking/client.py", line 633, in create_run
    return self._tracking_client.create_run(experiment_id, start_time, tags, run_name)
  File "/home/airflow/.local/lib/python3.10/site-packages/mlflow/telemetry/track.py", line 30, in wrapper
    result = func(*args, **kwargs)
  File "/home/airflow/.local/lib/python3.10/site-packages/mlflow/tracking/_tracking_service/client.py", line 185, in create_run
    return self.store.create_run(
  File "/home/airflow/.local/lib/python3.10/site-packages/mlflow/store/tracking/sqlalchemy_store.py", line 950, in create_run
    with self.ManagedSessionMaker(read_only=False) as session:
  File "/usr/local/lib/python3.10/contextlib.py", line 153, in __exit__
    self.gen.throw(typ, value, traceback)
  File "/home/airflow/.local/lib/python3.10/site-packages/mlflow/store/db/utils.py", line 184, in make_managed_session
    raise MlflowException(message=e, error_code=TEMPORARILY_UNAVAILABLE) from e
mlflow.exceptions.MlflowException: (raised as a result of Query-invoked autoflush; consider using a session.no_autoflush block if this flush is occurring prematurely)
(sqlite3.OperationalError) attempt to write a readonly database
[SQL: INSERT INTO runs (run_uuid, name, source_type, source_name, entry_point_name, user_id, status, start_time, end_time, deleted_time, source_version, lifecycle_stage, artifact_uri, experiment_id) VALUES (?, ?, ?, ?, ?, ?, ?, ?, ?, ?, ?, ?, ?, ?)]
[parameters: ('ff8b760f77c94806afc6c1b5612c7a0f', 'auspicious-swan-410', 'UNKNOWN', '', '', '***', 'RUNNING', 1787614413857, None, None, '', 'active', '/mlruns/1/ff8b760f77c94806afc6c1b5612c7a0f/artifacts', '1')]
(Background on this error at: https://sqlalche.me/e/14/e3q8)
[2026-08-24T23:33:33.900+0000] {taskinstance.py:1206} INFO - Marking task as UP_FOR_RETRY. dag_id=Acougue_Previsao_Demanda_FLAML, task_id=treinar_e_prever_demanda, run_id=manual__2026-08-24T23:33:17.471696+00:00, execution_date=20260824T233317, start_date=20260824T233322, end_date=20260824T233333
[2026-08-24T23:33:33.913+0000] {standard_task_runner.py:110} ERROR - Failed to execute job 17 for task treinar_e_prever_demanda ((raised as a result of Query-invoked autoflush; consider using a session.no_autoflush block if this flush is occurring prematurely)
(sqlite3.OperationalError) attempt to write a readonly database
[SQL: INSERT INTO runs (run_uuid, name, source_type, source_name, entry_point_name, user_id, status, start_time, end_time, deleted_time, source_version, lifecycle_stage, artifact_uri, experiment_id) VALUES (?, ?, ?, ?, ?, ?, ?, ?, ?, ?, ?, ?, ?, ?)]
[parameters: ('ff8b760f77c94806afc6c1b5612c7a0f', 'auspicious-swan-410', 'UNKNOWN', '', '', '***', 'RUNNING', 1787614413857, None, None, '', 'active', '/mlruns/1/ff8b760f77c94806afc6c1b5612c7a0f/artifacts', '1')]
(Background on this error at: https://sqlalche.me/e/14/e3q8); 1030)
[2026-08-24T23:33:34.096+0000] {local_task_job_runner.py:240} INFO - Task exited with return code 1
[2026-08-24T23:33:34.113+0000] {taskinstance.py:3498} INFO - 0 downstream tasks scheduled from follow-on schedule check
[2026-08-24T23:33:34.115+0000] {local_task_job_runner.py:222} INFO - ::endgroup::
