[2026-08-26T02:00:20.542+0000] {local_task_job_runner.py:120} INFO - ::group::Pre task execution logs
[2026-08-26T02:00:20.605+0000] {taskinstance.py:2076} INFO - Dependencies all met for dep_context=non-requeueable deps ti=<TaskInstance: Acougue_Previsao_Demanda_FLAML.treinar_e_prever_demanda scheduled__2026-08-25T02:00:00+00:00 [queued]>
[2026-08-26T02:00:20.616+0000] {taskinstance.py:2076} INFO - Dependencies all met for dep_context=requeueable deps ti=<TaskInstance: Acougue_Previsao_Demanda_FLAML.treinar_e_prever_demanda scheduled__2026-08-25T02:00:00+00:00 [queued]>
[2026-08-26T02:00:20.617+0000] {taskinstance.py:2306} INFO - Starting attempt 1 of 2
[2026-08-26T02:00:20.640+0000] {taskinstance.py:2330} INFO - Executing <Task(PythonOperator): treinar_e_prever_demanda> on 2026-08-25 02:00:00+00:00
[2026-08-26T02:00:20.667+0000] {standard_task_runner.py:63} INFO - Started process 48277 to run task
[2026-08-26T02:00:20.673+0000] {standard_task_runner.py:90} INFO - Running: ['***', 'tasks', 'run', 'Acougue_Previsao_Demanda_FLAML', 'treinar_e_prever_demanda', 'scheduled__2026-08-25T02:00:00+00:00', '--job-id', '28', '--raw', '--subdir', 'DAGS_FOLDER/dag_previsao_demanda.py', '--cfg-path', '/tmp/tmp2t4kc38a']
[2026-08-26T02:00:20.677+0000] {standard_task_runner.py:91} INFO - Job 28: Subtask treinar_e_prever_demanda
[2026-08-26T02:00:20.921+0000] {task_command.py:426} INFO - Running <TaskInstance: Acougue_Previsao_Demanda_FLAML.treinar_e_prever_demanda scheduled__2026-08-25T02:00:00+00:00 [running]> on host 4c78a5469a97
[2026-08-26T02:00:21.231+0000] {taskinstance.py:2648} INFO - Exporting env vars: AIRFLOW_CTX_DAG_OWNER='engenharia_dados' AIRFLOW_CTX_DAG_ID='Acougue_Previsao_Demanda_FLAML' AIRFLOW_CTX_TASK_ID='treinar_e_prever_demanda' AIRFLOW_CTX_EXECUTION_DATE='2026-08-25T02:00:00+00:00' AIRFLOW_CTX_TRY_NUMBER='1' AIRFLOW_CTX_DAG_RUN_ID='scheduled__2026-08-25T02:00:00+00:00'
[2026-08-26T02:00:21.238+0000] {taskinstance.py:430} INFO - ::endgroup::
[2026-08-26T02:00:21.275+0000] {logging_mixin.py:188} INFO - [Etapa 0] Buscando credenciais no painel do Airflow...
[2026-08-26T02:00:21.298+0000] {base.py:84} INFO - Using connection ID 'Datalake' for task execution.
[2026-08-26T02:00:21.304+0000] {logging_mixin.py:188} INFO - [Etapa 1] Conectando ao MLflow via disco local...
[2026-08-26T02:00:22.982+0000] {logging_mixin.py:188} INFO - [Etapa 2] Carregando dados históricos via deltalake...
[2026-08-26T02:00:56.951+0000] {logging_mixin.py:188} INFO - Linhas carregadas para treino: 52500
[2026-08-26T02:00:57.165+0000] {logging_mixin.py:188} INFO - [Etapa 3] Resample diário por SKU...
[2026-08-26T02:00:57.365+0000] {logging_mixin.py:188} INFO - [Etapa 4] Iniciando AutoML (FLAML)...
[2026-08-26T02:00:57.681+0000] {logging_mixin.py:188} WARNING - 2026/08/26 02:00:57 WARNING mlflow.models.signature: Failed to infer schema for inputs. Setting schema to `Schema([ColSpec(type=AnyType())]` as default. Note that MLflow doesn't validate data types during inference for AnyType. To see the full traceback, set logging level to DEBUG.
[2026-08-26T02:00:58.326+0000] {time_series_task.py:77} INFO - Couldn't import pytorch_lightning, skipping TCN estimator
[2026-08-26T02:00:58.327+0000] {time_series_task.py:84} INFO - Couldn't import Prophet, skipping
[2026-08-26T02:00:58.327+0000] {time_series_task.py:91} INFO - Couldn't import orbit, skipping
[2026-08-26T02:04:44.719+0000] {taskinstance.py:441} INFO - ::group::Post task execution logs
[2026-08-26T02:04:44.720+0000] {taskinstance.py:2905} ERROR - Task failed with exception
Traceback (most recent call last):
  File "/home/airflow/.local/lib/python3.10/site-packages/mlflow/sklearn/__init__.py", line 682, in _save_model
    skops.io.dump(sk_model, output_path)
  File "/home/airflow/.local/lib/python3.10/site-packages/skops/io/_persist.py", line 81, in dump
    buffer = _save(obj, compression=compression, compresslevel=compresslevel)
  File "/home/airflow/.local/lib/python3.10/site-packages/skops/io/_persist.py", line 36, in _save
    state = get_state(obj, save_context)
  File "/home/airflow/.local/lib/python3.10/site-packages/skops/io/_utils.py", line 175, in get_state
    res = _get_state(value, save_context)
  File "/usr/local/lib/python3.10/functools.py", line 889, in wrapper
    return dispatch(args[0].__class__)(*args, **kw)
  File "/home/airflow/.local/lib/python3.10/site-packages/skops/io/_general.py", line 441, in object_get_state
    content = get_state(attrs, save_context)
  File "/home/airflow/.local/lib/python3.10/site-packages/skops/io/_utils.py", line 175, in get_state
    res = _get_state(value, save_context)
  File "/usr/local/lib/python3.10/functools.py", line 889, in wrapper
    return dispatch(args[0].__class__)(*args, **kw)
  File "/home/airflow/.local/lib/python3.10/site-packages/skops/io/_general.py", line 55, in dict_get_state
    content[key] = get_state(value, save_context)
  File "/home/airflow/.local/lib/python3.10/site-packages/skops/io/_utils.py", line 175, in get_state
    res = _get_state(value, save_context)
  File "/usr/local/lib/python3.10/functools.py", line 889, in wrapper
    return dispatch(args[0].__class__)(*args, **kw)
  File "/home/airflow/.local/lib/python3.10/site-packages/skops/io/_general.py", line 131, in list_get_state
    content = [get_state(value, save_context) for value in obj]
  File "/home/airflow/.local/lib/python3.10/site-packages/skops/io/_general.py", line 131, in <listcomp>
    content = [get_state(value, save_context) for value in obj]
  File "/home/airflow/.local/lib/python3.10/site-packages/skops/io/_utils.py", line 175, in get_state
    res = _get_state(value, save_context)
  File "/usr/local/lib/python3.10/functools.py", line 889, in wrapper
    return dispatch(args[0].__class__)(*args, **kw)
  File "/home/airflow/.local/lib/python3.10/site-packages/skops/io/_general.py", line 196, in tuple_get_state
    content = tuple(get_state(value, save_context) for value in obj)
  File "/home/airflow/.local/lib/python3.10/site-packages/skops/io/_general.py", line 196, in <genexpr>
    content = tuple(get_state(value, save_context) for value in obj)
  File "/home/airflow/.local/lib/python3.10/site-packages/skops/io/_utils.py", line 175, in get_state
    res = _get_state(value, save_context)
  File "/usr/local/lib/python3.10/functools.py", line 889, in wrapper
    return dispatch(args[0].__class__)(*args, **kw)
  File "/home/airflow/.local/lib/python3.10/site-packages/skops/io/_general.py", line 441, in object_get_state
    content = get_state(attrs, save_context)
  File "/home/airflow/.local/lib/python3.10/site-packages/skops/io/_utils.py", line 175, in get_state
    res = _get_state(value, save_context)
  File "/usr/local/lib/python3.10/functools.py", line 889, in wrapper
    return dispatch(args[0].__class__)(*args, **kw)
  File "/home/airflow/.local/lib/python3.10/site-packages/skops/io/_general.py", line 55, in dict_get_state
    content[key] = get_state(value, save_context)
  File "/home/airflow/.local/lib/python3.10/site-packages/skops/io/_utils.py", line 175, in get_state
    res = _get_state(value, save_context)
  File "/usr/local/lib/python3.10/functools.py", line 889, in wrapper
    return dispatch(args[0].__class__)(*args, **kw)
  File "/home/airflow/.local/lib/python3.10/site-packages/skops/io/_general.py", line 441, in object_get_state
    content = get_state(attrs, save_context)
  File "/home/airflow/.local/lib/python3.10/site-packages/skops/io/_utils.py", line 175, in get_state
    res = _get_state(value, save_context)
  File "/usr/local/lib/python3.10/functools.py", line 889, in wrapper
    return dispatch(args[0].__class__)(*args, **kw)
  File "/home/airflow/.local/lib/python3.10/site-packages/skops/io/_general.py", line 55, in dict_get_state
    content[key] = get_state(value, save_context)
  File "/home/airflow/.local/lib/python3.10/site-packages/skops/io/_utils.py", line 175, in get_state
    res = _get_state(value, save_context)
  File "/usr/local/lib/python3.10/functools.py", line 889, in wrapper
    return dispatch(args[0].__class__)(*args, **kw)
  File "/home/airflow/.local/lib/python3.10/site-packages/skops/io/_general.py", line 441, in object_get_state
    content = get_state(attrs, save_context)
  File "/home/airflow/.local/lib/python3.10/site-packages/skops/io/_utils.py", line 175, in get_state
    res = _get_state(value, save_context)
  File "/usr/local/lib/python3.10/functools.py", line 889, in wrapper
    return dispatch(args[0].__class__)(*args, **kw)
  File "/home/airflow/.local/lib/python3.10/site-packages/skops/io/_general.py", line 55, in dict_get_state
    content[key] = get_state(value, save_context)
  File "/home/airflow/.local/lib/python3.10/site-packages/skops/io/_utils.py", line 175, in get_state
    res = _get_state(value, save_context)
  File "/usr/local/lib/python3.10/functools.py", line 889, in wrapper
    return dispatch(args[0].__class__)(*args, **kw)
  File "/home/airflow/.local/lib/python3.10/site-packages/skops/io/_general.py", line 422, in object_get_state
    "content": get_state(reduce_output[1], save_context),
  File "/home/airflow/.local/lib/python3.10/site-packages/skops/io/_utils.py", line 175, in get_state
    res = _get_state(value, save_context)
  File "/usr/local/lib/python3.10/functools.py", line 889, in wrapper
    return dispatch(args[0].__class__)(*args, **kw)
  File "/home/airflow/.local/lib/python3.10/site-packages/skops/io/_general.py", line 196, in tuple_get_state
    content = tuple(get_state(value, save_context) for value in obj)
  File "/home/airflow/.local/lib/python3.10/site-packages/skops/io/_general.py", line 196, in <genexpr>
    content = tuple(get_state(value, save_context) for value in obj)
  File "/home/airflow/.local/lib/python3.10/site-packages/skops/io/_utils.py", line 175, in get_state
    res = _get_state(value, save_context)
  File "/usr/local/lib/python3.10/functools.py", line 889, in wrapper
    return dispatch(args[0].__class__)(*args, **kw)
  File "/home/airflow/.local/lib/python3.10/site-packages/skops/io/_general.py", line 131, in list_get_state
    content = [get_state(value, save_context) for value in obj]
  File "/home/airflow/.local/lib/python3.10/site-packages/skops/io/_general.py", line 131, in <listcomp>
    content = [get_state(value, save_context) for value in obj]
  File "/home/airflow/.local/lib/python3.10/site-packages/skops/io/_utils.py", line 175, in get_state
    res = _get_state(value, save_context)
  File "/usr/local/lib/python3.10/functools.py", line 889, in wrapper
    return dispatch(args[0].__class__)(*args, **kw)
  File "/home/airflow/.local/lib/python3.10/site-packages/skops/io/_general.py", line 441, in object_get_state
    content = get_state(attrs, save_context)
  File "/home/airflow/.local/lib/python3.10/site-packages/skops/io/_utils.py", line 175, in get_state
    res = _get_state(value, save_context)
  File "/usr/local/lib/python3.10/functools.py", line 889, in wrapper
    return dispatch(args[0].__class__)(*args, **kw)
  File "/home/airflow/.local/lib/python3.10/site-packages/skops/io/_general.py", line 55, in dict_get_state
    content[key] = get_state(value, save_context)
  File "/home/airflow/.local/lib/python3.10/site-packages/skops/io/_utils.py", line 175, in get_state
    res = _get_state(value, save_context)
  File "/usr/local/lib/python3.10/functools.py", line 889, in wrapper
    return dispatch(args[0].__class__)(*args, **kw)
  File "/home/airflow/.local/lib/python3.10/site-packages/skops/io/_general.py", line 416, in object_get_state
    reduce_output = obj.__reduce__()
  File "stringsource", line 2, in pandas._libs.internals.BlockValuesRefs.__reduce_cython__
TypeError: no default __reduce__ due to non-trivial __cinit__

The above exception was the direct cause of the following exception:

Traceback (most recent call last):
  File "/home/airflow/.local/lib/python3.10/site-packages/airflow/models/taskinstance.py", line 465, in _execute_task
    result = _execute_callable(context=context, **execute_callable_kwargs)
  File "/home/airflow/.local/lib/python3.10/site-packages/airflow/models/taskinstance.py", line 432, in _execute_callable
    return execute_callable(context=context, **execute_callable_kwargs)
  File "/home/airflow/.local/lib/python3.10/site-packages/airflow/models/baseoperator.py", line 400, in wrapper
    return func(self, *args, **kwargs)
  File "/home/airflow/.local/lib/python3.10/site-packages/airflow/operators/python.py", line 235, in execute
    return_value = self.execute_callable()
  File "/home/airflow/.local/lib/python3.10/site-packages/airflow/operators/python.py", line 252, in execute_callable
    return self.python_callable(*self.op_args, **self.op_kwargs)
  File "/opt/airflow/dags/dag_previsao_demanda.py", line 171, in executar_pipeline_demanda
    automl.fit(
  File "/home/airflow/.local/lib/python3.10/site-packages/flaml/automl/automl.py", line 2631, in fit
    self._search()
  File "/home/airflow/.local/lib/python3.10/site-packages/flaml/automl/automl.py", line 3385, in _search
    self.mlflow_integration.pickle_and_log_automl_artifacts(
  File "/home/airflow/.local/lib/python3.10/site-packages/flaml/fabric/mlflow.py", line 651, in pickle_and_log_automl_artifacts
    self._log_pipeline(pipeline, "sklearn", "model", signature, run_id, estimator)
  File "/home/airflow/.local/lib/python3.10/site-packages/flaml/fabric/mlflow.py", line 598, in _log_pipeline
    mlflow.sklearn.log_model(pipeline, pipeline_name, signature=signature)
  File "/home/airflow/.local/lib/python3.10/site-packages/mlflow/sklearn/__init__.py", line 478, in log_model
    return Model.log(
  File "/home/airflow/.local/lib/python3.10/site-packages/mlflow/models/model.py", line 1218, in log
    flavor.save_model(path=local_path, mlflow_model=mlflow_model, **kwargs)
  File "/home/airflow/.local/lib/python3.10/site-packages/mlflow/sklearn/__init__.py", line 301, in save_model
    _save_model(
  File "/home/airflow/.local/lib/python3.10/site-packages/mlflow/sklearn/__init__.py", line 695, in _save_model
    raise MlflowException(
mlflow.exceptions.MlflowException: The sklearn model could not be serialized in the skops serialization format. skops does not support custom functions or classes that are not defined at the top level. To work around this limitation, you can set the serialization_format 'cloudpickle', while exercising caution due to the possible arbitrary code during model deserialization using CloudPickle.
[2026-08-26T02:04:44.756+0000] {taskinstance.py:1206} INFO - Marking task as UP_FOR_RETRY. dag_id=Acougue_Previsao_Demanda_FLAML, task_id=treinar_e_prever_demanda, run_id=scheduled__2026-08-25T02:00:00+00:00, execution_date=20260825T020000, start_date=20260826T020020, end_date=20260826T020444
[2026-08-26T02:04:44.778+0000] {standard_task_runner.py:110} ERROR - Failed to execute job 28 for task treinar_e_prever_demanda (The sklearn model could not be serialized in the skops serialization format. skops does not support custom functions or classes that are not defined at the top level. To work around this limitation, you can set the serialization_format 'cloudpickle', while exercising caution due to the possible arbitrary code during model deserialization using CloudPickle.; 48277)
[2026-08-26T02:04:44.893+0000] {local_task_job_runner.py:240} INFO - Task exited with return code 1
[2026-08-26T02:04:44.912+0000] {taskinstance.py:3498} INFO - 0 downstream tasks scheduled from follow-on schedule check
[2026-08-26T02:04:44.914+0000] {local_task_job_runner.py:222} INFO - ::endgroup::
