[2026-08-24T23:33:12.486+0000] {local_task_job_runner.py:120} INFO - ::group::Pre task execution logs
[2026-08-24T23:33:12.536+0000] {taskinstance.py:2076} INFO - Dependencies all met for dep_context=non-requeueable deps ti=<TaskInstance: Acougue_Previsao_Demanda_FLAML.treinar_e_prever_demanda manual__2026-08-24T23:27:57.008846+00:00 [queued]>
[2026-08-24T23:33:12.550+0000] {taskinstance.py:2076} INFO - Dependencies all met for dep_context=requeueable deps ti=<TaskInstance: Acougue_Previsao_Demanda_FLAML.treinar_e_prever_demanda manual__2026-08-24T23:27:57.008846+00:00 [queued]>
[2026-08-24T23:33:12.551+0000] {taskinstance.py:2306} INFO - Starting attempt 2 of 2
[2026-08-24T23:33:12.571+0000] {taskinstance.py:2330} INFO - Executing <Task(PythonOperator): treinar_e_prever_demanda> on 2026-08-24 23:27:57.008846+00:00
[2026-08-24T23:33:12.584+0000] {standard_task_runner.py:63} INFO - Started process 1009 to run task
[2026-08-24T23:33:12.589+0000] {standard_task_runner.py:90} INFO - Running: ['***', 'tasks', 'run', 'Acougue_Previsao_Demanda_FLAML', 'treinar_e_prever_demanda', 'manual__2026-08-24T23:27:57.008846+00:00', '--job-id', '16', '--raw', '--subdir', 'DAGS_FOLDER/dag_previsao_demanda.py', '--cfg-path', '/tmp/tmp14zogl1l']
[2026-08-24T23:33:12.593+0000] {standard_task_runner.py:91} INFO - Job 16: Subtask treinar_e_prever_demanda
[2026-08-24T23:33:12.652+0000] {task_command.py:426} INFO - Running <TaskInstance: Acougue_Previsao_Demanda_FLAML.treinar_e_prever_demanda manual__2026-08-24T23:27:57.008846+00:00 [running]> on host 4c78a5469a97
[2026-08-24T23:33:12.766+0000] {taskinstance.py:2648} INFO - Exporting env vars: AIRFLOW_CTX_DAG_OWNER='engenharia_dados' AIRFLOW_CTX_DAG_ID='Acougue_Previsao_Demanda_FLAML' AIRFLOW_CTX_TASK_ID='treinar_e_prever_demanda' AIRFLOW_CTX_EXECUTION_DATE='2026-08-24T23:27:57.008846+00:00' AIRFLOW_CTX_TRY_NUMBER='2' AIRFLOW_CTX_DAG_RUN_ID='manual__2026-08-24T23:27:57.008846+00:00'
[2026-08-24T23:33:12.768+0000] {taskinstance.py:430} INFO - ::endgroup::
[2026-08-24T23:33:12.783+0000] {logging_mixin.py:188} INFO - [Etapa 0] Buscando credenciais no painel do Airflow...
[2026-08-24T23:33:12.798+0000] {base.py:84} INFO - Using connection ID 'Datalake' for task execution.
[2026-08-24T23:33:12.798+0000] {logging_mixin.py:188} INFO - [Etapa 1] Conectando ao MLflow via disco local...
[2026-08-24T23:33:13.554+0000] {logging_mixin.py:188} INFO - [Etapa 2] Carregando dados históricos via deltalake...
[2026-08-24T23:33:21.105+0000] {logging_mixin.py:188} INFO - Linhas carregadas para treino: 937686
[2026-08-24T23:33:22.743+0000] {local_task_job_runner.py:310} WARNING - State of this instance has been externally set to failed. Terminating instance.
[2026-08-24T23:33:22.748+0000] {local_task_job_runner.py:222} INFO - ::endgroup::
[2026-08-24T23:33:22.756+0000] {process_utils.py:132} INFO - Sending 15 to group 1009. PIDs of all processes in the group: [1009]
[2026-08-24T23:33:22.757+0000] {process_utils.py:87} INFO - Sending the signal 15 to group 1009
[2026-08-24T23:33:22.761+0000] {taskinstance.py:2611} ERROR - Received SIGTERM. Terminating subprocesses.
[2026-08-24T23:33:22.762+0000] {taskinstance.py:441} INFO - ::group::Post task execution logs
[2026-08-24T23:33:23.095+0000] {process_utils.py:80} INFO - Process psutil.Process(pid=1009, status='terminated', exitcode=0, started='23:33:12') (1009) terminated with exit code 0
