[2026-08-24T23:28:00.767+0000] {local_task_job_runner.py:120} INFO - ::group::Pre task execution logs
[2026-08-24T23:28:00.844+0000] {taskinstance.py:2076} INFO - Dependencies all met for dep_context=non-requeueable deps ti=<TaskInstance: Acougue_Previsao_Demanda_FLAML.treinar_e_prever_demanda manual__2026-08-24T23:27:57.008846+00:00 [queued]>
[2026-08-24T23:28:00.859+0000] {taskinstance.py:2076} INFO - Dependencies all met for dep_context=requeueable deps ti=<TaskInstance: Acougue_Previsao_Demanda_FLAML.treinar_e_prever_demanda manual__2026-08-24T23:27:57.008846+00:00 [queued]>
[2026-08-24T23:28:00.859+0000] {taskinstance.py:2306} INFO - Starting attempt 1 of 2
[2026-08-24T23:28:00.895+0000] {taskinstance.py:2330} INFO - Executing <Task(PythonOperator): treinar_e_prever_demanda> on 2026-08-24 23:27:57.008846+00:00
[2026-08-24T23:28:00.935+0000] {standard_task_runner.py:63} INFO - Started process 827 to run task
[2026-08-24T23:28:00.948+0000] {standard_task_runner.py:90} INFO - Running: ['***', 'tasks', 'run', 'Acougue_Previsao_Demanda_FLAML', 'treinar_e_prever_demanda', 'manual__2026-08-24T23:27:57.008846+00:00', '--job-id', '15', '--raw', '--subdir', 'DAGS_FOLDER/dag_previsao_demanda.py', '--cfg-path', '/tmp/tmpcw62v80s']
[2026-08-24T23:28:00.952+0000] {standard_task_runner.py:91} INFO - Job 15: Subtask treinar_e_prever_demanda
[2026-08-24T23:28:01.035+0000] {task_command.py:426} INFO - Running <TaskInstance: Acougue_Previsao_Demanda_FLAML.treinar_e_prever_demanda manual__2026-08-24T23:27:57.008846+00:00 [running]> on host 4c78a5469a97
[2026-08-24T23:28:01.180+0000] {taskinstance.py:2648} INFO - Exporting env vars: AIRFLOW_CTX_DAG_OWNER='engenharia_dados' AIRFLOW_CTX_DAG_ID='Acougue_Previsao_Demanda_FLAML' AIRFLOW_CTX_TASK_ID='treinar_e_prever_demanda' AIRFLOW_CTX_EXECUTION_DATE='2026-08-24T23:27:57.008846+00:00' AIRFLOW_CTX_TRY_NUMBER='1' AIRFLOW_CTX_DAG_RUN_ID='manual__2026-08-24T23:27:57.008846+00:00'
[2026-08-24T23:28:01.184+0000] {taskinstance.py:430} INFO - ::endgroup::
[2026-08-24T23:28:01.204+0000] {logging_mixin.py:188} INFO - [Etapa 0] Buscando credenciais no painel do Airflow...
[2026-08-24T23:28:01.223+0000] {base.py:84} INFO - Using connection ID 'Datalake' for task execution.
[2026-08-24T23:28:01.225+0000] {logging_mixin.py:188} INFO - [Etapa 1] Conectando ao MLflow via disco local...
[2026-08-24T23:28:02.401+0000] {logging_mixin.py:188} INFO - [Etapa 2] Carregando dados históricos via deltalake...
[2026-08-24T23:28:08.309+0000] {logging_mixin.py:188} INFO - Linhas carregadas para treino: 937686
[2026-08-24T23:28:08.897+0000] {taskinstance.py:441} INFO - ::group::Post task execution logs
[2026-08-24T23:28:08.898+0000] {taskinstance.py:2905} ERROR - Task failed with exception
Traceback (most recent call last):
  File "/home/airflow/.local/lib/python3.10/site-packages/pandas/core/indexes/base.py", line 3791, in get_loc
    return self._engine.get_loc(casted_key)
  File "index.pyx", line 152, in pandas._libs.index.IndexEngine.get_loc
  File "index.pyx", line 181, in pandas._libs.index.IndexEngine.get_loc
  File "pandas/_libs/hashtable_class_helper.pxi", line 7080, in pandas._libs.hashtable.PyObjectHashTable.get_item
  File "pandas/_libs/hashtable_class_helper.pxi", line 7088, in pandas._libs.hashtable.PyObjectHashTable.get_item
KeyError: 'quantidade'

The above exception was the direct cause of the following exception:

Traceback (most recent call last):
  File "/home/airflow/.local/lib/python3.10/site-packages/airflow/models/taskinstance.py", line 465, in _execute_task
    result = _execute_callable(context=context, **execute_callable_kwargs)
  File "/home/airflow/.local/lib/python3.10/site-packages/airflow/models/taskinstance.py", line 432, in _execute_callable
    return execute_callable(context=context, **execute_callable_kwargs)
  File "/home/airflow/.local/lib/python3.10/site-packages/airflow/models/baseoperator.py", line 400, in wrapper
    return func(self, *args, **kwargs)
  File "/home/airflow/.local/lib/python3.10/site-packages/airflow/operators/python.py", line 235, in execute
    return_value = self.execute_callable()
  File "/home/airflow/.local/lib/python3.10/site-packages/airflow/operators/python.py", line 252, in execute_callable
    return self.python_callable(*self.op_args, **self.op_kwargs)
  File "/opt/airflow/dags/dag_previsao_demanda.py", line 147, in executar_pipeline_demanda
    y_train = X_train.pop(target_col)
  File "/home/airflow/.local/lib/python3.10/site-packages/pandas/core/frame.py", line 5570, in pop
    return super().pop(item=item)
  File "/home/airflow/.local/lib/python3.10/site-packages/pandas/core/generic.py", line 901, in pop
    result = self[item]
  File "/home/airflow/.local/lib/python3.10/site-packages/pandas/core/frame.py", line 3893, in __getitem__
    indexer = self.columns.get_loc(key)
  File "/home/airflow/.local/lib/python3.10/site-packages/pandas/core/indexes/base.py", line 3798, in get_loc
    raise KeyError(key) from err
KeyError: 'quantidade'
[2026-08-24T23:28:08.922+0000] {taskinstance.py:1206} INFO - Marking task as UP_FOR_RETRY. dag_id=Acougue_Previsao_Demanda_FLAML, task_id=treinar_e_prever_demanda, run_id=manual__2026-08-24T23:27:57.008846+00:00, execution_date=20260824T232757, start_date=20260824T232800, end_date=20260824T232808
[2026-08-24T23:28:08.939+0000] {standard_task_runner.py:110} ERROR - Failed to execute job 15 for task treinar_e_prever_demanda ('quantidade'; 827)
[2026-08-24T23:28:09.110+0000] {local_task_job_runner.py:240} INFO - Task exited with return code 1
[2026-08-24T23:28:09.140+0000] {taskinstance.py:3498} INFO - 0 downstream tasks scheduled from follow-on schedule check
[2026-08-24T23:28:09.143+0000] {local_task_job_runner.py:222} INFO - ::endgroup::
