[2026-08-24T23:35:43.489+0000] {local_task_job_runner.py:120} INFO - ::group::Pre task execution logs
[2026-08-24T23:35:43.524+0000] {taskinstance.py:2076} INFO - Dependencies all met for dep_context=non-requeueable deps ti=<TaskInstance: Acougue_Previsao_Demanda_FLAML.treinar_e_prever_demanda manual__2026-08-24T23:35:39.885539+00:00 [queued]>
[2026-08-24T23:35:43.531+0000] {taskinstance.py:2076} INFO - Dependencies all met for dep_context=requeueable deps ti=<TaskInstance: Acougue_Previsao_Demanda_FLAML.treinar_e_prever_demanda manual__2026-08-24T23:35:39.885539+00:00 [queued]>
[2026-08-24T23:35:43.532+0000] {taskinstance.py:2306} INFO - Starting attempt 1 of 2
[2026-08-24T23:35:43.546+0000] {taskinstance.py:2330} INFO - Executing <Task(PythonOperator): treinar_e_prever_demanda> on 2026-08-24 23:35:39.885539+00:00
[2026-08-24T23:35:43.564+0000] {standard_task_runner.py:63} INFO - Started process 1127 to run task
[2026-08-24T23:35:43.568+0000] {standard_task_runner.py:90} INFO - Running: ['***', 'tasks', 'run', 'Acougue_Previsao_Demanda_FLAML', 'treinar_e_prever_demanda', 'manual__2026-08-24T23:35:39.885539+00:00', '--job-id', '18', '--raw', '--subdir', 'DAGS_FOLDER/dag_previsao_demanda.py', '--cfg-path', '/tmp/tmpf4jkfavp']
[2026-08-24T23:35:43.572+0000] {standard_task_runner.py:91} INFO - Job 18: Subtask treinar_e_prever_demanda
[2026-08-24T23:35:43.629+0000] {task_command.py:426} INFO - Running <TaskInstance: Acougue_Previsao_Demanda_FLAML.treinar_e_prever_demanda manual__2026-08-24T23:35:39.885539+00:00 [running]> on host 4c78a5469a97
[2026-08-24T23:35:43.740+0000] {taskinstance.py:2648} INFO - Exporting env vars: AIRFLOW_CTX_DAG_OWNER='engenharia_dados' AIRFLOW_CTX_DAG_ID='Acougue_Previsao_Demanda_FLAML' AIRFLOW_CTX_TASK_ID='treinar_e_prever_demanda' AIRFLOW_CTX_EXECUTION_DATE='2026-08-24T23:35:39.885539+00:00' AIRFLOW_CTX_TRY_NUMBER='1' AIRFLOW_CTX_DAG_RUN_ID='manual__2026-08-24T23:35:39.885539+00:00'
[2026-08-24T23:35:43.741+0000] {taskinstance.py:430} INFO - ::endgroup::
[2026-08-24T23:35:43.755+0000] {logging_mixin.py:188} INFO - [Etapa 0] Buscando credenciais no painel do Airflow...
[2026-08-24T23:35:43.765+0000] {base.py:84} INFO - Using connection ID 'Datalake' for task execution.
[2026-08-24T23:35:43.766+0000] {logging_mixin.py:188} INFO - [Etapa 1] Conectando ao MLflow via disco local...
[2026-08-24T23:35:44.488+0000] {logging_mixin.py:188} INFO - [Etapa 2] Carregando dados históricos via deltalake...
[2026-08-24T23:35:50.294+0000] {logging_mixin.py:188} INFO - Linhas carregadas para treino: 937686
[2026-08-24T23:35:52.902+0000] {logging_mixin.py:188} INFO - [Etapa 3] Resample diário por SKU...
[2026-08-24T23:35:54.694+0000] {logging_mixin.py:188} INFO - [Etapa 4] Iniciando AutoML (FLAML)...
[2026-08-24T23:35:56.402+0000] {logging_mixin.py:188} WARNING - 2026/08/24 23:35:56 WARNING mlflow.models.signature: Failed to infer schema for inputs. Setting schema to `Schema([ColSpec(type=AnyType())]` as default. Note that MLflow doesn't validate data types during inference for AnyType. To see the full traceback, set logging level to DEBUG.
[2026-08-24T23:36:08.663+0000] {time_series_task.py:77} INFO - Couldn't import pytorch_lightning, skipping TCN estimator
[2026-08-24T23:36:08.664+0000] {time_series_task.py:84} INFO - Couldn't import Prophet, skipping
[2026-08-24T23:36:08.665+0000] {time_series_task.py:91} INFO - Couldn't import orbit, skipping
[2026-08-24T23:38:34.525+0000] {local_task_job_runner.py:240} INFO - Task exited with return code -9
[2026-08-24T23:38:34.602+0000] {taskinstance.py:3498} INFO - 0 downstream tasks scheduled from follow-on schedule check
[2026-08-24T23:38:34.603+0000] {local_task_job_runner.py:222} INFO - ::endgroup::
