[2026-08-24T22:45:45.466+0000] {local_task_job_runner.py:120} INFO - ::group::Pre task execution logs
[2026-08-24T22:45:45.534+0000] {taskinstance.py:2076} INFO - Dependencies all met for dep_context=non-requeueable deps ti=<TaskInstance: Acougue_Previsao_Demanda_FLAML.treinar_e_prever_demanda manual__2026-08-24T22:45:40.419100+00:00 [queued]>
[2026-08-24T22:45:45.553+0000] {taskinstance.py:2076} INFO - Dependencies all met for dep_context=requeueable deps ti=<TaskInstance: Acougue_Previsao_Demanda_FLAML.treinar_e_prever_demanda manual__2026-08-24T22:45:40.419100+00:00 [queued]>
[2026-08-24T22:45:45.553+0000] {taskinstance.py:2306} INFO - Starting attempt 1 of 2
[2026-08-24T22:45:45.592+0000] {taskinstance.py:2330} INFO - Executing <Task(PythonOperator): treinar_e_prever_demanda> on 2026-08-24 22:45:40.419100+00:00
[2026-08-24T22:45:45.624+0000] {standard_task_runner.py:63} INFO - Started process 651 to run task
[2026-08-24T22:45:45.641+0000] {standard_task_runner.py:90} INFO - Running: ['***', 'tasks', 'run', 'Acougue_Previsao_Demanda_FLAML', 'treinar_e_prever_demanda', 'manual__2026-08-24T22:45:40.419100+00:00', '--job-id', '5', '--raw', '--subdir', 'DAGS_FOLDER/dag_previsao_demanda.py', '--cfg-path', '/tmp/tmp5jadm_r1']
[2026-08-24T22:45:45.649+0000] {standard_task_runner.py:91} INFO - Job 5: Subtask treinar_e_prever_demanda
[2026-08-24T22:45:45.784+0000] {task_command.py:426} INFO - Running <TaskInstance: Acougue_Previsao_Demanda_FLAML.treinar_e_prever_demanda manual__2026-08-24T22:45:40.419100+00:00 [running]> on host fdcf7af31d17
[2026-08-24T22:45:45.906+0000] {taskinstance.py:2648} INFO - Exporting env vars: AIRFLOW_CTX_DAG_OWNER='engenharia_dados' AIRFLOW_CTX_DAG_ID='Acougue_Previsao_Demanda_FLAML' AIRFLOW_CTX_TASK_ID='treinar_e_prever_demanda' AIRFLOW_CTX_EXECUTION_DATE='2026-08-24T22:45:40.419100+00:00' AIRFLOW_CTX_TRY_NUMBER='1' AIRFLOW_CTX_DAG_RUN_ID='manual__2026-08-24T22:45:40.419100+00:00'
[2026-08-24T22:45:45.911+0000] {taskinstance.py:430} INFO - ::endgroup::
[2026-08-24T22:45:45.927+0000] {logging_mixin.py:188} INFO - [Etapa 1] Conectando ao MLflow...
[2026-08-24T22:45:46.009+0000] {connectionpool.py:874} WARNING - Retrying (Retry(total=6, connect=6, read=7, redirect=7, status=7)) after connection broken by 'NewConnectionError('<urllib3.connection.HTTPConnection object at 0x77872444c820>: Failed to establish a new connection: [Errno 111] Connection refused')': /api/2.0/mlflow/experiments/get-by-name?experiment_name=IA_Previsao_Demanda_Acougue
[2026-08-24T22:45:50.722+0000] {connectionpool.py:874} WARNING - Retrying (Retry(total=5, connect=5, read=7, redirect=7, status=7)) after connection broken by 'NewConnectionError('<urllib3.connection.HTTPConnection object at 0x77872444fc70>: Failed to establish a new connection: [Errno 111] Connection refused')': /api/2.0/mlflow/experiments/get-by-name?experiment_name=IA_Previsao_Demanda_Acougue
[2026-08-24T22:45:59.503+0000] {connectionpool.py:874} WARNING - Retrying (Retry(total=4, connect=4, read=7, redirect=7, status=7)) after connection broken by 'NewConnectionError('<urllib3.connection.HTTPConnection object at 0x7787244817e0>: Failed to establish a new connection: [Errno 111] Connection refused')': /api/2.0/mlflow/experiments/get-by-name?experiment_name=IA_Previsao_Demanda_Acougue
[2026-08-24T22:46:16.031+0000] {connectionpool.py:874} WARNING - Retrying (Retry(total=3, connect=3, read=7, redirect=7, status=7)) after connection broken by 'NewConnectionError('<urllib3.connection.HTTPConnection object at 0x778724482500>: Failed to establish a new connection: [Errno 111] Connection refused')': /api/2.0/mlflow/experiments/get-by-name?experiment_name=IA_Previsao_Demanda_Acougue
[2026-08-24T22:46:48.104+0000] {connectionpool.py:874} WARNING - Retrying (Retry(total=2, connect=2, read=7, redirect=7, status=7)) after connection broken by 'NewConnectionError('<urllib3.connection.HTTPConnection object at 0x7787244837c0>: Failed to establish a new connection: [Errno 111] Connection refused')': /api/2.0/mlflow/experiments/get-by-name?experiment_name=IA_Previsao_Demanda_Acougue
[2026-08-24T22:47:53.011+0000] {connectionpool.py:874} WARNING - Retrying (Retry(total=1, connect=1, read=7, redirect=7, status=7)) after connection broken by 'NewConnectionError('<urllib3.connection.HTTPConnection object at 0x7787244813c0>: Failed to establish a new connection: [Errno 111] Connection refused')': /api/2.0/mlflow/experiments/get-by-name?experiment_name=IA_Previsao_Demanda_Acougue
[2026-08-24T22:47:53.299+0000] {logging_mixin.py:188} WARNING - 2026/08/24 22:47:53 INFO mlflow.tracking.fluent: Experiment with name 'IA_Previsao_Demanda_Acougue' does not exist. Creating a new experiment.
[2026-08-24T22:47:53.422+0000] {logging_mixin.py:188} INFO - [Etapa 2] Carregando dados históricos via deltalake...
[2026-08-24T22:47:53.430+0000] {taskinstance.py:441} INFO - ::group::Post task execution logs
[2026-08-24T22:47:53.431+0000] {taskinstance.py:2905} ERROR - Task failed with exception
Traceback (most recent call last):
  File "/home/airflow/.local/lib/python3.10/site-packages/airflow/models/taskinstance.py", line 465, in _execute_task
    result = _execute_callable(context=context, **execute_callable_kwargs)
  File "/home/airflow/.local/lib/python3.10/site-packages/airflow/models/taskinstance.py", line 432, in _execute_callable
    return execute_callable(context=context, **execute_callable_kwargs)
  File "/home/airflow/.local/lib/python3.10/site-packages/airflow/models/baseoperator.py", line 400, in wrapper
    return func(self, *args, **kwargs)
  File "/home/airflow/.local/lib/python3.10/site-packages/airflow/operators/python.py", line 235, in execute
    return_value = self.execute_callable()
  File "/home/airflow/.local/lib/python3.10/site-packages/airflow/operators/python.py", line 252, in execute_callable
    return self.python_callable(*self.op_args, **self.op_kwargs)
  File "/opt/airflow/dags/dag_previsao_demanda.py", line 119, in executar_pipeline_demanda
    dt = DeltaTable(LAKEHOUSE_URI_BRONZE, storage_options=STORAGE_OPTIONS)
  File "/home/airflow/.local/lib/python3.10/site-packages/deltalake/table.py", line 193, in __init__
    self._table = RawDeltaTable(
_internal.TableNotFoundError: Could not parse abfs://<SEU_CONTAINER>@<SUA_CONTA>.dfs.core.windows.net/Tables/dbo/bronze_treinamento as a URL: invalid domain character
[2026-08-24T22:47:53.451+0000] {taskinstance.py:1206} INFO - Marking task as UP_FOR_RETRY. dag_id=Acougue_Previsao_Demanda_FLAML, task_id=treinar_e_prever_demanda, run_id=manual__2026-08-24T22:45:40.419100+00:00, execution_date=20260824T224540, start_date=20260824T224545, end_date=20260824T224753
[2026-08-24T22:47:53.467+0000] {standard_task_runner.py:110} ERROR - Failed to execute job 5 for task treinar_e_prever_demanda (Could not parse abfs://<SEU_CONTAINER>@<SUA_CONTA>.dfs.core.windows.net/Tables/dbo/bronze_treinamento as a URL: invalid domain character; 651)
[2026-08-24T22:47:53.497+0000] {local_task_job_runner.py:240} INFO - Task exited with return code 1
[2026-08-24T22:47:53.515+0000] {taskinstance.py:3498} INFO - 0 downstream tasks scheduled from follow-on schedule check
[2026-08-24T22:47:53.518+0000] {local_task_job_runner.py:222} INFO - ::endgroup::
