[2026-08-24T23:14:10.262+0000] {local_task_job_runner.py:120} INFO - ::group::Pre task execution logs
[2026-08-24T23:14:10.313+0000] {taskinstance.py:2076} INFO - Dependencies all met for dep_context=non-requeueable deps ti=<TaskInstance: Acougue_Previsao_Demanda_FLAML.treinar_e_prever_demanda manual__2026-08-24T23:14:05.678775+00:00 [queued]>
[2026-08-24T23:14:10.326+0000] {taskinstance.py:2076} INFO - Dependencies all met for dep_context=requeueable deps ti=<TaskInstance: Acougue_Previsao_Demanda_FLAML.treinar_e_prever_demanda manual__2026-08-24T23:14:05.678775+00:00 [queued]>
[2026-08-24T23:14:10.327+0000] {taskinstance.py:2306} INFO - Starting attempt 1 of 2
[2026-08-24T23:14:10.343+0000] {taskinstance.py:2330} INFO - Executing <Task(PythonOperator): treinar_e_prever_demanda> on 2026-08-24 23:14:05.678775+00:00
[2026-08-24T23:14:10.359+0000] {standard_task_runner.py:63} INFO - Started process 374 to run task
[2026-08-24T23:14:10.364+0000] {standard_task_runner.py:90} INFO - Running: ['***', 'tasks', 'run', 'Acougue_Previsao_Demanda_FLAML', 'treinar_e_prever_demanda', 'manual__2026-08-24T23:14:05.678775+00:00', '--job-id', '12', '--raw', '--subdir', 'DAGS_FOLDER/dag_previsao_demanda.py', '--cfg-path', '/tmp/tmpjxjr37xp']
[2026-08-24T23:14:10.368+0000] {standard_task_runner.py:91} INFO - Job 12: Subtask treinar_e_prever_demanda
[2026-08-24T23:14:10.451+0000] {task_command.py:426} INFO - Running <TaskInstance: Acougue_Previsao_Demanda_FLAML.treinar_e_prever_demanda manual__2026-08-24T23:14:05.678775+00:00 [running]> on host 4c78a5469a97
[2026-08-24T23:14:10.582+0000] {taskinstance.py:2648} INFO - Exporting env vars: AIRFLOW_CTX_DAG_OWNER='engenharia_dados' AIRFLOW_CTX_DAG_ID='Acougue_Previsao_Demanda_FLAML' AIRFLOW_CTX_TASK_ID='treinar_e_prever_demanda' AIRFLOW_CTX_EXECUTION_DATE='2026-08-24T23:14:05.678775+00:00' AIRFLOW_CTX_TRY_NUMBER='1' AIRFLOW_CTX_DAG_RUN_ID='manual__2026-08-24T23:14:05.678775+00:00'
[2026-08-24T23:14:10.584+0000] {taskinstance.py:430} INFO - ::endgroup::
[2026-08-24T23:14:10.598+0000] {logging_mixin.py:188} INFO - [Etapa 1] Conectando ao MLflow via disco local...
[2026-08-24T23:14:11.440+0000] {logging_mixin.py:188} INFO - [Etapa 2] Carregando dados históricos via deltalake...
[2026-08-24T23:14:12.297+0000] {taskinstance.py:441} INFO - ::group::Post task execution logs
[2026-08-24T23:14:12.297+0000] {taskinstance.py:2905} ERROR - Task failed with exception
Traceback (most recent call last):
  File "/home/airflow/.local/lib/python3.10/site-packages/airflow/models/taskinstance.py", line 465, in _execute_task
    result = _execute_callable(context=context, **execute_callable_kwargs)
  File "/home/airflow/.local/lib/python3.10/site-packages/airflow/models/taskinstance.py", line 432, in _execute_callable
    return execute_callable(context=context, **execute_callable_kwargs)
  File "/home/airflow/.local/lib/python3.10/site-packages/airflow/models/baseoperator.py", line 400, in wrapper
    return func(self, *args, **kwargs)
  File "/home/airflow/.local/lib/python3.10/site-packages/airflow/operators/python.py", line 235, in execute
    return_value = self.execute_callable()
  File "/home/airflow/.local/lib/python3.10/site-packages/airflow/operators/python.py", line 252, in execute_callable
    return self.python_callable(*self.op_args, **self.op_kwargs)
  File "/opt/airflow/dags/dag_previsao_demanda.py", line 119, in executar_pipeline_demanda
    dt = DeltaTable(LAKEHOUSE_URI_BRONZE, storage_options=STORAGE_OPTIONS)
  File "/home/airflow/.local/lib/python3.10/site-packages/deltalake/table.py", line 193, in __init__
    self._table = RawDeltaTable(
OSError: Kernel error -> Generic MicrosoftAzure error
          [31m↳[0m Error performing token request
           [31m↳[0m Error performing POST https://login.microsoftonline.com/seu_tenant_id/oauth2/v2.0/token in 651.235082ms - Server returned non-2xx status code
            [31m↳[0m 400 Bad Request
             [31m↳[0m {"error":"invalid_request","error_description":"AADSTS900023
              [31m↳[0m Specified tenant identifier 'seu_tenant_id' is neither a valid DNS name, nor a valid external domain. Trace ID
               [31m↳[0m 294ce241-5811-43c4-bdbc-7a1ab0a8ad01 Correlation ID
                [31m↳[0m 0c284426-5713-4745-893a-39eeec23eea8 Timestamp
                 [31m↳[0m 2026-08-24 23:14:12Z","error_codes":[900023],"timestamp":"2026-08-24 23:14:12Z","trace_id":"294ce241-5811-43c4-bdbc-7a1ab0a8ad01","correlation_id":"0c284426-5713-4745-893a-39eeec23eea8","error_uri":"https://login.microsoftonline.com/error?code=900023"}

[2026-08-24T23:14:12.316+0000] {taskinstance.py:1206} INFO - Marking task as UP_FOR_RETRY. dag_id=Acougue_Previsao_Demanda_FLAML, task_id=treinar_e_prever_demanda, run_id=manual__2026-08-24T23:14:05.678775+00:00, execution_date=20260824T231405, start_date=20260824T231410, end_date=20260824T231412
[2026-08-24T23:14:12.333+0000] {standard_task_runner.py:110} ERROR - Failed to execute job 12 for task treinar_e_prever_demanda (Kernel error -> Generic MicrosoftAzure error
          [31m↳[0m Error performing token request
           [31m↳[0m Error performing POST https://login.microsoftonline.com/seu_tenant_id/oauth2/v2.0/token in 651.235082ms - Server returned non-2xx status code
            [31m↳[0m 400 Bad Request
             [31m↳[0m {"error":"invalid_request","error_description":"AADSTS900023
              [31m↳[0m Specified tenant identifier 'seu_tenant_id' is neither a valid DNS name, nor a valid external domain. Trace ID
               [31m↳[0m 294ce241-5811-43c4-bdbc-7a1ab0a8ad01 Correlation ID
                [31m↳[0m 0c284426-5713-4745-893a-39eeec23eea8 Timestamp
                 [31m↳[0m 2026-08-24 23:14:12Z","error_codes":[900023],"timestamp":"2026-08-24 23:14:12Z","trace_id":"294ce241-5811-43c4-bdbc-7a1ab0a8ad01","correlation_id":"0c284426-5713-4745-893a-39eeec23eea8","error_uri":"https://login.microsoftonline.com/error?code=900023"}
; 374)
[2026-08-24T23:14:12.410+0000] {local_task_job_runner.py:240} INFO - Task exited with return code 1
[2026-08-24T23:14:12.442+0000] {taskinstance.py:3498} INFO - 0 downstream tasks scheduled from follow-on schedule check
[2026-08-24T23:14:12.446+0000] {local_task_job_runner.py:222} INFO - ::endgroup::
