[2026-08-24T23:24:21.675+0000] {local_task_job_runner.py:120} INFO - ::group::Pre task execution logs
[2026-08-24T23:24:21.708+0000] {taskinstance.py:2076} INFO - Dependencies all met for dep_context=non-requeueable deps ti=<TaskInstance: Acougue_Previsao_Demanda_FLAML.treinar_e_prever_demanda manual__2026-08-24T23:19:12.212663+00:00 [queued]>
[2026-08-24T23:24:21.716+0000] {taskinstance.py:2076} INFO - Dependencies all met for dep_context=requeueable deps ti=<TaskInstance: Acougue_Previsao_Demanda_FLAML.treinar_e_prever_demanda manual__2026-08-24T23:19:12.212663+00:00 [queued]>
[2026-08-24T23:24:21.717+0000] {taskinstance.py:2306} INFO - Starting attempt 2 of 2
[2026-08-24T23:24:21.735+0000] {taskinstance.py:2330} INFO - Executing <Task(PythonOperator): treinar_e_prever_demanda> on 2026-08-24 23:19:12.212663+00:00
[2026-08-24T23:24:21.751+0000] {standard_task_runner.py:63} INFO - Started process 711 to run task
[2026-08-24T23:24:21.756+0000] {standard_task_runner.py:90} INFO - Running: ['***', 'tasks', 'run', 'Acougue_Previsao_Demanda_FLAML', 'treinar_e_prever_demanda', 'manual__2026-08-24T23:19:12.212663+00:00', '--job-id', '14', '--raw', '--subdir', 'DAGS_FOLDER/dag_previsao_demanda.py', '--cfg-path', '/tmp/tmpqyjz4hay']
[2026-08-24T23:24:21.760+0000] {standard_task_runner.py:91} INFO - Job 14: Subtask treinar_e_prever_demanda
[2026-08-24T23:24:21.853+0000] {task_command.py:426} INFO - Running <TaskInstance: Acougue_Previsao_Demanda_FLAML.treinar_e_prever_demanda manual__2026-08-24T23:19:12.212663+00:00 [running]> on host 4c78a5469a97
[2026-08-24T23:24:22.011+0000] {taskinstance.py:2648} INFO - Exporting env vars: AIRFLOW_CTX_DAG_OWNER='engenharia_dados' AIRFLOW_CTX_DAG_ID='Acougue_Previsao_Demanda_FLAML' AIRFLOW_CTX_TASK_ID='treinar_e_prever_demanda' AIRFLOW_CTX_EXECUTION_DATE='2026-08-24T23:19:12.212663+00:00' AIRFLOW_CTX_TRY_NUMBER='2' AIRFLOW_CTX_DAG_RUN_ID='manual__2026-08-24T23:19:12.212663+00:00'
[2026-08-24T23:24:22.013+0000] {taskinstance.py:430} INFO - ::endgroup::
[2026-08-24T23:24:22.031+0000] {logging_mixin.py:188} INFO - [Etapa 0] Buscando credenciais no painel do Airflow...
[2026-08-24T23:24:22.043+0000] {base.py:84} INFO - Using connection ID 'Datalake' for task execution.
[2026-08-24T23:24:22.043+0000] {logging_mixin.py:188} INFO - [Etapa 1] Conectando ao MLflow via disco local...
[2026-08-24T23:24:22.820+0000] {logging_mixin.py:188} INFO - [Etapa 2] Carregando dados históricos via deltalake...
[2026-08-24T23:24:23.558+0000] {taskinstance.py:441} INFO - ::group::Post task execution logs
[2026-08-24T23:24:23.561+0000] {taskinstance.py:2905} ERROR - Task failed with exception
Traceback (most recent call last):
  File "/home/airflow/.local/lib/python3.10/site-packages/airflow/models/taskinstance.py", line 465, in _execute_task
    result = _execute_callable(context=context, **execute_callable_kwargs)
  File "/home/airflow/.local/lib/python3.10/site-packages/airflow/models/taskinstance.py", line 432, in _execute_callable
    return execute_callable(context=context, **execute_callable_kwargs)
  File "/home/airflow/.local/lib/python3.10/site-packages/airflow/models/baseoperator.py", line 400, in wrapper
    return func(self, *args, **kwargs)
  File "/home/airflow/.local/lib/python3.10/site-packages/airflow/operators/python.py", line 235, in execute
    return_value = self.execute_callable()
  File "/home/airflow/.local/lib/python3.10/site-packages/airflow/operators/python.py", line 252, in execute_callable
    return self.python_callable(*self.op_args, **self.op_kwargs)
  File "/opt/airflow/dags/dag_previsao_demanda.py", line 122, in executar_pipeline_demanda
    dt = DeltaTable(LAKEHOUSE_URI_BRONZE, storage_options=STORAGE_OPTIONS)
  File "/home/airflow/.local/lib/python3.10/site-packages/deltalake/table.py", line 193, in __init__
    self._table = RawDeltaTable(
OSError: Kernel error -> The operation lacked the necessary privileges to complete for path armazem_lh.Lakehouse/Tables/dbo/bronze_treinamento/_delta_log/_last_checkpoint
          [31m↳[0m Error performing GET https://onelake.blob.fabric.microsoft.com/Bomgado/armazem_lh.Lakehouse/Tables/dbo/bronze_treinamento/_delta_log/_last_checkpoint in 702.398786ms - Server returned non-2xx status code
           [31m↳[0m 403 Forbidden
            [31m↳[0m <?xml version="1.0" encoding="utf-8"?>
<Error>
  <Code>Forbidden</Code>
  <Message>User is not authorized to perform current operation for workspace 'c806dd49-0120-460a-9e99-80e3eda7d99c', artifact 'b71e43b8-b026-4b9f-9ba3-b1826afa5a01'.</Message>
</Error>

[2026-08-24T23:24:23.575+0000] {taskinstance.py:1206} INFO - Marking task as FAILED. dag_id=Acougue_Previsao_Demanda_FLAML, task_id=treinar_e_prever_demanda, run_id=manual__2026-08-24T23:19:12.212663+00:00, execution_date=20260824T231912, start_date=20260824T232421, end_date=20260824T232423
[2026-08-24T23:24:23.595+0000] {standard_task_runner.py:110} ERROR - Failed to execute job 14 for task treinar_e_prever_demanda (Kernel error -> The operation lacked the necessary privileges to complete for path armazem_lh.Lakehouse/Tables/dbo/bronze_treinamento/_delta_log/_last_checkpoint
          [31m↳[0m Error performing GET https://onelake.blob.fabric.microsoft.com/Bomgado/armazem_lh.Lakehouse/Tables/dbo/bronze_treinamento/_delta_log/_last_checkpoint in 702.398786ms - Server returned non-2xx status code
           [31m↳[0m 403 Forbidden
            [31m↳[0m <?xml version="1.0" encoding="utf-8"?>
<Error>
  <Code>Forbidden</Code>
  <Message>User is not authorized to perform current operation for workspace 'c806dd49-0120-460a-9e99-80e3eda7d99c', artifact 'b71e43b8-b026-4b9f-9ba3-b1826afa5a01'.</Message>
</Error>
; 711)
[2026-08-24T23:24:23.634+0000] {local_task_job_runner.py:240} INFO - Task exited with return code 1
[2026-08-24T23:24:23.658+0000] {taskinstance.py:3498} INFO - 0 downstream tasks scheduled from follow-on schedule check
[2026-08-24T23:24:23.660+0000] {local_task_job_runner.py:222} INFO - ::endgroup::
