[2026-08-28T02:09:42.467+0000] {local_task_job_runner.py:120} INFO - ::group::Pre task execution logs
[2026-08-28T02:09:42.518+0000] {taskinstance.py:2076} INFO - Dependencies all met for dep_context=non-requeueable deps ti=<TaskInstance: Acougue_Previsao_Demanda_FLAML.treinar_e_prever_demanda scheduled__2026-08-27T02:00:00+00:00 [queued]>
[2026-08-28T02:09:42.528+0000] {taskinstance.py:2076} INFO - Dependencies all met for dep_context=requeueable deps ti=<TaskInstance: Acougue_Previsao_Demanda_FLAML.treinar_e_prever_demanda scheduled__2026-08-27T02:00:00+00:00 [queued]>
[2026-08-28T02:09:42.528+0000] {taskinstance.py:2306} INFO - Starting attempt 2 of 2
[2026-08-28T02:09:42.552+0000] {taskinstance.py:2330} INFO - Executing <Task(PythonOperator): treinar_e_prever_demanda> on 2026-08-27 02:00:00+00:00
[2026-08-28T02:09:42.580+0000] {standard_task_runner.py:63} INFO - Started process 133531 to run task
[2026-08-28T02:09:42.590+0000] {standard_task_runner.py:90} INFO - Running: ['***', 'tasks', 'run', 'Acougue_Previsao_Demanda_FLAML', 'treinar_e_prever_demanda', 'scheduled__2026-08-27T02:00:00+00:00', '--job-id', '33', '--raw', '--subdir', 'DAGS_FOLDER/dag_previsao_demanda.py', '--cfg-path', '/tmp/tmpj849yczs']
[2026-08-28T02:09:42.595+0000] {standard_task_runner.py:91} INFO - Job 33: Subtask treinar_e_prever_demanda
[2026-08-28T02:09:42.663+0000] {task_command.py:426} INFO - Running <TaskInstance: Acougue_Previsao_Demanda_FLAML.treinar_e_prever_demanda scheduled__2026-08-27T02:00:00+00:00 [running]> on host 4c78a5469a97
[2026-08-28T02:09:42.835+0000] {taskinstance.py:2648} INFO - Exporting env vars: AIRFLOW_CTX_DAG_OWNER='engenharia_dados' AIRFLOW_CTX_DAG_ID='Acougue_Previsao_Demanda_FLAML' AIRFLOW_CTX_TASK_ID='treinar_e_prever_demanda' AIRFLOW_CTX_EXECUTION_DATE='2026-08-27T02:00:00+00:00' AIRFLOW_CTX_TRY_NUMBER='2' AIRFLOW_CTX_DAG_RUN_ID='scheduled__2026-08-27T02:00:00+00:00'
[2026-08-28T02:09:42.837+0000] {taskinstance.py:430} INFO - ::endgroup::
[2026-08-28T02:09:42.863+0000] {logging_mixin.py:188} INFO - [Etapa 0] Buscando credenciais no painel do Airflow...
[2026-08-28T02:09:42.886+0000] {base.py:84} INFO - Using connection ID 'Datalake' for task execution.
[2026-08-28T02:09:42.886+0000] {logging_mixin.py:188} INFO - [Etapa 1] Conectando ao MLflow via disco local...
[2026-08-28T02:09:43.788+0000] {logging_mixin.py:188} INFO - [Etapa 2] Carregando dados históricos via deltalake...
[2026-08-28T02:09:44.409+0000] {taskinstance.py:441} INFO - ::group::Post task execution logs
[2026-08-28T02:09:44.409+0000] {taskinstance.py:2905} ERROR - Task failed with exception
Traceback (most recent call last):
  File "/home/airflow/.local/lib/python3.10/site-packages/airflow/models/taskinstance.py", line 465, in _execute_task
    result = _execute_callable(context=context, **execute_callable_kwargs)
  File "/home/airflow/.local/lib/python3.10/site-packages/airflow/models/taskinstance.py", line 432, in _execute_callable
    return execute_callable(context=context, **execute_callable_kwargs)
  File "/home/airflow/.local/lib/python3.10/site-packages/airflow/models/baseoperator.py", line 400, in wrapper
    return func(self, *args, **kwargs)
  File "/home/airflow/.local/lib/python3.10/site-packages/airflow/operators/python.py", line 235, in execute
    return_value = self.execute_callable()
  File "/home/airflow/.local/lib/python3.10/site-packages/airflow/operators/python.py", line 252, in execute_callable
    return self.python_callable(*self.op_args, **self.op_kwargs)
  File "/opt/airflow/dags/dag_previsao_demanda.py", line 123, in executar_pipeline_demanda
    dt = DeltaTable(LAKEHOUSE_URI_BRONZE, storage_options=STORAGE_OPTIONS)
  File "/home/airflow/.local/lib/python3.10/site-packages/deltalake/table.py", line 193, in __init__
    self._table = RawDeltaTable(
OSError: Kernel error -> Generic MicrosoftAzure error
          [31m↳[0m Error performing list request
           [31m↳[0m Error performing GET https://onelake.blob.fabric.microsoft.com/Bomgado?restype=container&comp=list&prefix=armazem_lh.Lakehouse%2FTables%2Fdbo%2Fbronze_treinamento%2F_delta_log%2F&startFrom=armazem_lh.Lakehouse%2FTables%2Fdbo%2Fbronze_treinamento%2F_delta_log%2F00000000000000000000 in 5.806003ms - Server returned non-2xx status code
            [31m↳[0m 404 Not Found
             [31m↳[0m <?xml version="1.0" encoding="utf-8"?>
<Error>
  <Code>NotFound</Code>
  <Message>Unable to complete the action because this Fabric capacity b56183b0-5e19-4a1c-96cf-092e34340b7f is currently not available. Contact the capacity administrator for help.</Message>
</Error>

[2026-08-28T02:09:44.428+0000] {taskinstance.py:1206} INFO - Marking task as FAILED. dag_id=Acougue_Previsao_Demanda_FLAML, task_id=treinar_e_prever_demanda, run_id=scheduled__2026-08-27T02:00:00+00:00, execution_date=20260827T020000, start_date=20260828T020942, end_date=20260828T020944
[2026-08-28T02:09:44.448+0000] {standard_task_runner.py:110} ERROR - Failed to execute job 33 for task treinar_e_prever_demanda (Kernel error -> Generic MicrosoftAzure error
          [31m↳[0m Error performing list request
           [31m↳[0m Error performing GET https://onelake.blob.fabric.microsoft.com/Bomgado?restype=container&comp=list&prefix=armazem_lh.Lakehouse%2FTables%2Fdbo%2Fbronze_treinamento%2F_delta_log%2F&startFrom=armazem_lh.Lakehouse%2FTables%2Fdbo%2Fbronze_treinamento%2F_delta_log%2F00000000000000000000 in 5.806003ms - Server returned non-2xx status code
            [31m↳[0m 404 Not Found
             [31m↳[0m <?xml version="1.0" encoding="utf-8"?>
<Error>
  <Code>NotFound</Code>
  <Message>Unable to complete the action because this Fabric capacity b56183b0-5e19-4a1c-96cf-092e34340b7f is currently not available. Contact the capacity administrator for help.</Message>
</Error>
; 133531)
[2026-08-28T02:09:44.504+0000] {local_task_job_runner.py:240} INFO - Task exited with return code 1
[2026-08-28T02:09:44.545+0000] {taskinstance.py:3498} INFO - 0 downstream tasks scheduled from follow-on schedule check
[2026-08-28T02:09:44.551+0000] {local_task_job_runner.py:222} INFO - ::endgroup::
